
running 0 tests

test result: ok. 0 passed; 0 failed; 0 ignored; 0 measured; 0 filtered out


running 3 tests
test deep_check ... ok
test deep_check_builder ... ok
test trivial_sprite_parsing ... ok

test result: ok. 3 passed; 0 failed; 0 ignored; 0 measured; 0 filtered out


running 2 tests
test add_sprite_to_yyp ... FAILED
test no_mangle_yyp ... ok

failures:

---- add_sprite_to_yyp stdout ----
thread 'add_sprite_to_yyp' panicked at 'Yyp was Missing Proof's Resources... Missing Resources: 
[
    YypResource {
        id: FilesystemPath {
            name: "NewSprite",
            path: "sprites/NewSprite/NewSprite.yy",
        },
        order: 1,
    },
]', tests\test_yyp_boss.rs:80:13
note: run with `RUST_BACKTRACE=1` environment variable to display a backtrace


failures:
    add_sprite_to_yyp

test result: FAILED. 1 passed; 1 failed; 0 ignored; 0 measured; 0 filtered out

